../Core/Src/main.c:96:6:HAL_CAN_RxFifo0MsgPendingCallback	56	static
../Core/Src/main.c:107:6:HAL_CAN_RxFifo1MsgPendingCallback	56	static
../Core/Src/main.c:117:6:HAL_TIM_PeriodElapsedCallback	16	static
../Core/Src/main.c:132:5:calc_SAE_J1850	16	static
../Core/Src/main.c:170:5:main	8	static
../Core/Src/main.c:282:6:SystemClock_Config	88	static
../Core/Src/main.c:328:13:MX_CAN1_Init	48	static
../Core/Src/main.c:378:13:MX_CAN2_Init	48	static
../Core/Src/main.c:428:13:MX_TIM2_Init	32	static
../Core/Src/main.c:473:13:MX_TIM3_Init	32	static
../Core/Src/main.c:518:13:MX_USART1_UART_Init	8	static
../Core/Src/main.c:551:13:MX_GPIO_Init	40	static
../Core/Src/main.c:578:1:__io_putchar	16	static
../Core/Src/main.c:592:6:Error_Handler	4	static,ignoring_inline_asm
