../Core/Src/main.c:120:10:RandomSeed	8	static
../Core/Src/main.c:125:6:HAL_CAN_RxFifo0MsgPendingCallback	80	static
../Core/Src/main.c:241:6:HAL_CAN_RxFifo1MsgPendingCallback	56	static
../Core/Src/main.c:322:6:HAL_TIM_PeriodElapsedCallback	16	static
../Core/Src/main.c:341:5:main	8	static
../Core/Src/main.c:494:6:SystemClock_Config	88	static
../Core/Src/main.c:540:13:MX_ADC1_Init	24	static
../Core/Src/main.c:592:13:MX_CAN1_Init	48	static
../Core/Src/main.c:642:13:MX_CAN2_Init	48	static
../Core/Src/main.c:692:13:MX_TIM2_Init	32	static
../Core/Src/main.c:737:13:MX_TIM3_Init	32	static
../Core/Src/main.c:782:13:MX_USART1_UART_Init	8	static
../Core/Src/main.c:815:13:MX_GPIO_Init	48	static
../Core/Src/main.c:859:1:__io_putchar	16	static
../Core/Src/main.c:867:6:HAL_ADC_ConvCpltCallback	16	static
../Core/Src/main.c:874:6:HAL_GPIO_EXTI_Callback	16	static
../Core/Src/main.c:892:6:Error_Handler	4	static,ignoring_inline_asm
