../Core/Src/main.c:94:17:GetSector	24	static
../Core/Src/main.c:148:10:Flash_Write_Data	56	static
../Core/Src/main.c:206:6:Flash_Read_Data	24	static
../Core/Src/main.c:218:6:Convert_To_Str	32	static
../Core/Src/main.c:235:5:main	12408	static
../Core/Src/main.c:296:6:SystemClock_Config	88	static
../Core/Src/main.c:342:13:MX_USART1_UART_Init	8	static
../Core/Src/main.c:375:13:MX_GPIO_Init	16	static
../Core/Src/main.c:390:1:__io_putchar	16	static
../Core/Src/main.c:404:6:Error_Handler	4	static,ignoring_inline_asm
