../Core/Src/main.c:85:1:__io_putchar	16	static
../Core/Src/main.c:108:6:HAL_UART_RxCpltCallback	16	static
../Core/Src/main.c:139:6:Init_Blink	8	static
../Core/Src/main.c:157:5:main	8	static
../Core/Src/main.c:240:6:SystemClock_Config	88	static
../Core/Src/main.c:287:13:MX_USART3_UART_Init	8	static
../Core/Src/main.c:320:13:MX_GPIO_Init	48	static
../Core/Src/main.c:353:6:StartDefaultTask	16	static
../Core/Src/main.c:372:6:StartTask02	16	static
../Core/Src/main.c:441:6:Error_Handler	4	static,ignoring_inline_asm
