../Core/Src/main.c:105:6:HAL_CAN_RxFifo0MsgPendingCallback	80	static
../Core/Src/main.c:182:6:HAL_CAN_RxFifo1MsgPendingCallback	56	static
../Core/Src/main.c:210:6:HAL_TIM_PeriodElapsedCallback	16	static
../Core/Src/main.c:224:5:main	8	static
../Core/Src/main.c:353:6:SystemClock_Config	88	static
../Core/Src/main.c:399:13:MX_CAN1_Init	48	static
../Core/Src/main.c:449:13:MX_CAN2_Init	48	static
../Core/Src/main.c:499:13:MX_TIM2_Init	32	static
../Core/Src/main.c:544:13:MX_USART1_UART_Init	8	static
../Core/Src/main.c:577:13:MX_GPIO_Init	48	static
../Core/Src/main.c:621:1:__io_putchar	16	static
../Core/Src/main.c:629:6:HAL_GPIO_EXTI_Callback	16	static
../Core/Src/main.c:648:6:Error_Handler	4	static,ignoring_inline_asm
