../Core/Src/main.c:95:6:HAL_CAN_RxFifo0MsgPendingCallback	56	static
../Core/Src/main.c:105:6:HAL_CAN_RxFifo1MsgPendingCallback	16	static
../Core/Src/main.c:121:6:HAL_TIM_PeriodElapsedCallback	16	static
../Core/Src/main.c:135:5:main	8	static
../Core/Src/main.c:233:6:SystemClock_Config	88	static
../Core/Src/main.c:279:13:MX_ADC1_Init	24	static
../Core/Src/main.c:331:13:MX_CAN1_Init	48	static
../Core/Src/main.c:381:13:MX_CAN2_Init	48	static
../Core/Src/main.c:431:13:MX_TIM2_Init	32	static
../Core/Src/main.c:476:13:MX_USART1_UART_Init	8	static
../Core/Src/main.c:509:13:MX_GPIO_Init	40	static
../Core/Src/main.c:536:1:__io_putchar	16	static
../Core/Src/main.c:544:6:HAL_ADC_ConvCpltCallback	16	static
../Core/Src/main.c:557:6:Error_Handler	4	static,ignoring_inline_asm
